src/pages/VisualETL.tsx(15,30): error TS2307: Cannot find module '@/stores/dataStore' or its corresponding type declarations.
src/pages/VisualETL.tsx(16,24): error TS2307: Cannot find module '@/components/ui/button' or its corresponding type declarations.
src/pages/VisualETL.tsx(17,29): error TS2307: Cannot find module '@/components/HelpTooltip' or its corresponding type declarations.
src/pages/VisualETL.tsx(18,85): error TS2307: Cannot find module '@/components/ui/dialog' or its corresponding type declarations.
src/pages/VisualETL.tsx(19,23): error TS2307: Cannot find module '@/components/ui/label' or its corresponding type declarations.
src/pages/VisualETL.tsx(20,23): error TS2307: Cannot find module '@/components/ui/input' or its corresponding type declarations.
src/pages/VisualETL.tsx(21,79): error TS2307: Cannot find module '@/components/ui/select' or its corresponding type declarations.
src/pages/VisualETL.tsx(22,26): error TS2307: Cannot find module '@/hooks/use-toast' or its corresponding type declarations.
src/pages/VisualETL.tsx(23,21): error TS2307: Cannot find module '@/components/etl/ETLNodes' or its corresponding type declarations.
src/pages/VisualETL.tsx(24,80): error TS2307: Cannot find module '@/hooks/useApi' or its corresponding type declarations.
src/pages/VisualETL.tsx(25,41): error TS2307: Cannot find module '@/lib/etlEvaluator' or its corresponding type declarations.
src/pages/VisualETL.tsx(211,5): error TS17004: Cannot use JSX unless the '--jsx' flag is provided.
src/pages/VisualETL.tsx(212,7): error TS17004: Cannot use JSX unless the '--jsx' flag is provided.
src/pages/VisualETL.tsx(213,9): error TS17004: Cannot use JSX unless the '--jsx' flag is provided.
src/pages/VisualETL.tsx(214,11): error TS17004: Cannot use JSX unless the '--jsx' flag is provided.
src/pages/VisualETL.tsx(215,13): error TS17004: Cannot use JSX unless the '--jsx' flag is provided.
src/pages/VisualETL.tsx(216,15): error TS17004: Cannot use JSX unless the '--jsx' flag is provided.
src/pages/VisualETL.tsx(218,13): error TS17004: Cannot use JSX unless the '--jsx' flag is provided.
src/pages/VisualETL.tsx(219,15): error TS17004: Cannot use JSX unless the '--jsx' flag is provided.
src/pages/VisualETL.tsx(221,17): error TS17004: Cannot use JSX unless the '--jsx' flag is provided.
src/pages/VisualETL.tsx(223,15): error TS17004: Cannot use JSX unless the '--jsx' flag is provided.
src/pages/VisualETL.tsx(226,11): error TS17004: Cannot use JSX unless the '--jsx' flag is provided.
src/pages/VisualETL.tsx(227,13): error TS17004: Cannot use JSX unless the '--jsx' flag is provided.
src/pages/VisualETL.tsx(228,13): error TS17004: Cannot use JSX unless the '--jsx' flag is provided.
src/pages/VisualETL.tsx(228,74): error TS17004: Cannot use JSX unless the '--jsx' flag is provided.
src/pages/VisualETL.tsx(229,13): error TS17004: Cannot use JSX unless the '--jsx' flag is provided.
src/pages/VisualETL.tsx(230,27): error TS17004: Cannot use JSX unless the '--jsx' flag is provided.
src/pages/VisualETL.tsx(230,79): error TS17004: Cannot use JSX unless the '--jsx' flag is provided.
src/pages/VisualETL.tsx(233,13): error TS17004: Cannot use JSX unless the '--jsx' flag is provided.
src/pages/VisualETL.tsx(234,28): error TS17004: Cannot use JSX unless the '--jsx' flag is provided.
src/pages/VisualETL.tsx(234,66): error TS17004: Cannot use JSX unless the '--jsx' flag is provided.
src/pages/VisualETL.tsx(241,7): error TS17004: Cannot use JSX unless the '--jsx' flag is provided.
src/pages/VisualETL.tsx(243,9): error TS17004: Cannot use JSX unless the '--jsx' flag is provided.
src/pages/VisualETL.tsx(245,11): error TS17004: Cannot use JSX unless the '--jsx' flag is provided.
src/pages/VisualETL.tsx(249,15): error TS17004: Cannot use JSX unless the '--jsx' flag is provided.
src/pages/VisualETL.tsx(251,17): error TS17004: Cannot use JSX unless the '--jsx' flag is provided.
src/pages/VisualETL.tsx(252,17): error TS17004: Cannot use JSX unless the '--jsx' flag is provided.
src/pages/VisualETL.tsx(253,19): error TS17004: Cannot use JSX unless the '--jsx' flag is provided.
src/pages/VisualETL.tsx(254,19): error TS17004: Cannot use JSX unless the '--jsx' flag is provided.
src/pages/VisualETL.tsx(262,9): error TS17004: Cannot use JSX unless the '--jsx' flag is provided.
src/pages/VisualETL.tsx(264,11): error TS17004: Cannot use JSX unless the '--jsx' flag is provided.
src/pages/VisualETL.tsx(268,13): error TS17004: Cannot use JSX unless the '--jsx' flag is provided.
src/pages/VisualETL.tsx(280,15): error TS17004: Cannot use JSX unless the '--jsx' flag is provided.
src/pages/VisualETL.tsx(281,15): error TS17004: Cannot use JSX unless the '--jsx' flag is provided.
src/pages/VisualETL.tsx(282,15): error TS17004: Cannot use JSX unless the '--jsx' flag is provided.
src/pages/VisualETL.tsx(283,15): error TS17004: Cannot use JSX unless the '--jsx' flag is provided.
src/pages/VisualETL.tsx(284,17): error TS17004: Cannot use JSX unless the '--jsx' flag is provided.
src/pages/VisualETL.tsx(285,19): error TS17004: Cannot use JSX unless the '--jsx' flag is provided.
src/pages/VisualETL.tsx(286,19): error TS17004: Cannot use JSX unless the '--jsx' flag is provided.
src/pages/VisualETL.tsx(287,33): error TS17004: Cannot use JSX unless the '--jsx' flag is provided.
src/pages/VisualETL.tsx(294,11): error TS17004: Cannot use JSX unless the '--jsx' flag is provided.
src/pages/VisualETL.tsx(300,13): error TS17004: Cannot use JSX unless the '--jsx' flag is provided.
src/pages/VisualETL.tsx(301,15): error TS17004: Cannot use JSX unless the '--jsx' flag is provided.
src/pages/VisualETL.tsx(302,17): error TS17004: Cannot use JSX unless the '--jsx' flag is provided.
src/pages/VisualETL.tsx(306,17): error TS17004: Cannot use JSX unless the '--jsx' flag is provided.
src/pages/VisualETL.tsx(312,13): error TS17004: Cannot use JSX unless the '--jsx' flag is provided.
src/pages/VisualETL.tsx(314,17): error TS17004: Cannot use JSX unless the '--jsx' flag is provided.
src/pages/VisualETL.tsx(315,19): error TS17004: Cannot use JSX unless the '--jsx' flag is provided.
src/pages/VisualETL.tsx(316,19): error TS17004: Cannot use JSX unless the '--jsx' flag is provided.
src/pages/VisualETL.tsx(319,17): error TS17004: Cannot use JSX unless the '--jsx' flag is provided.
src/pages/VisualETL.tsx(320,19): error TS17004: Cannot use JSX unless the '--jsx' flag is provided.
src/pages/VisualETL.tsx(321,19): error TS17004: Cannot use JSX unless the '--jsx' flag is provided.
src/pages/VisualETL.tsx(321,75): error TS17004: Cannot use JSX unless the '--jsx' flag is provided.
src/pages/VisualETL.tsx(324,17): error TS17004: Cannot use JSX unless the '--jsx' flag is provided.
src/pages/VisualETL.tsx(325,19): error TS17004: Cannot use JSX unless the '--jsx' flag is provided.
src/pages/VisualETL.tsx(326,21): error TS17004: Cannot use JSX unless the '--jsx' flag is provided.
src/pages/VisualETL.tsx(327,23): error TS17004: Cannot use JSX unless the '--jsx' flag is provided.
src/pages/VisualETL.tsx(329,25): error TS17004: Cannot use JSX unless the '--jsx' flag is provided.
src/pages/VisualETL.tsx(333,19): error TS17004: Cannot use JSX unless the '--jsx' flag is provided.
src/pages/VisualETL.tsx(335,23): error TS17004: Cannot use JSX unless the '--jsx' flag is provided.
src/pages/VisualETL.tsx(336,25): error TS17004: Cannot use JSX unless the '--jsx' flag is provided.
src/pages/VisualETL.tsx(338,27): error TS17004: Cannot use JSX unless the '--jsx' flag is provided.
src/pages/VisualETL.tsx(351,7): error TS17004: Cannot use JSX unless the '--jsx' flag is provided.
src/pages/VisualETL.tsx(352,9): error TS17004: Cannot use JSX unless the '--jsx' flag is provided.
src/pages/VisualETL.tsx(353,11): error TS17004: Cannot use JSX unless the '--jsx' flag is provided.
src/pages/VisualETL.tsx(354,13): error TS17004: Cannot use JSX unless the '--jsx' flag is provided.
src/pages/VisualETL.tsx(355,13): error TS17004: Cannot use JSX unless the '--jsx' flag is provided.
src/pages/VisualETL.tsx(357,11): error TS17004: Cannot use JSX unless the '--jsx' flag is provided.
src/pages/VisualETL.tsx(414,5): error TS17004: Cannot use JSX unless the '--jsx' flag is provided.
src/pages/VisualETL.tsx(416,9): error TS17004: Cannot use JSX unless the '--jsx' flag is provided.
src/pages/VisualETL.tsx(417,11): error TS17004: Cannot use JSX unless the '--jsx' flag is provided.
src/pages/VisualETL.tsx(419,13): error TS17004: Cannot use JSX unless the '--jsx' flag is provided.
src/pages/VisualETL.tsx(422,13): error TS17004: Cannot use JSX unless the '--jsx' flag is provided.
src/pages/VisualETL.tsx(426,13): error TS17004: Cannot use JSX unless the '--jsx' flag is provided.
src/pages/VisualETL.tsx(427,15): error TS17004: Cannot use JSX unless the '--jsx' flag is provided.
src/pages/VisualETL.tsx(427,30): error TS17004: Cannot use JSX unless the '--jsx' flag is provided.
src/pages/VisualETL.tsx(428,15): error TS17004: Cannot use JSX unless the '--jsx' flag is provided.
src/pages/VisualETL.tsx(429,44): error TS17004: Cannot use JSX unless the '--jsx' flag is provided.
src/pages/VisualETL.tsx(434,13): error TS17004: Cannot use JSX unless the '--jsx' flag is provided.
src/pages/VisualETL.tsx(435,15): error TS17004: Cannot use JSX unless the '--jsx' flag is provided.
src/pages/VisualETL.tsx(435,30): error TS17004: Cannot use JSX unless the '--jsx' flag is provided.
src/pages/VisualETL.tsx(436,15): error TS17004: Cannot use JSX unless the '--jsx' flag is provided.
src/pages/VisualETL.tsx(441,26): error TS17004: Cannot use JSX unless the '--jsx' flag is provided.
src/pages/VisualETL.tsx(447,13): error TS17004: Cannot use JSX unless the '--jsx' flag is provided.
src/pages/VisualETL.tsx(448,15): error TS17004: Cannot use JSX unless the '--jsx' flag is provided.
src/pages/VisualETL.tsx(448,30): error TS17004: Cannot use JSX unless the '--jsx' flag is provided.
src/pages/VisualETL.tsx(449,15): error TS17004: Cannot use JSX unless the '--jsx' flag is provided.
src/pages/VisualETL.tsx(450,37): error TS17004: Cannot use JSX unless the '--jsx' flag is provided.
src/pages/VisualETL.tsx(456,7): error TS17004: Cannot use JSX unless the '--jsx' flag is provided.
src/pages/VisualETL.tsx(463,5): error TS17004: Cannot use JSX unless the '--jsx' flag is provided.
src/pages/VisualETL.tsx(464,7): error TS17004: Cannot use JSX unless the '--jsx' flag is provided.
